2025-01-06 17:35:00 | DEBUG | repo=open-gpu-kernel-modules | action=test | passed=true
2025-01-23 09:36:00 | WARN | repo=open-gpu-kernel-modules | action=test | passed=true
2025-03-02 10:51:00 | INFO | repo=open-gpu-kernel-modules | action=edit | files=1
2025-01-04 10:20:00 | WARN | repo=open-gpu-kernel-modules | action=test | passed=true
2025-08-24 12:13:00 | WARN | repo=open-gpu-kernel-modules | action=test | passed=true
2025-06-13 18:17:00 | DEBUG | repo=open-gpu-kernel-modules | action=edit | files=4
2025-04-10 18:38:00 | WARN | repo=open-gpu-kernel-modules | action=test | passed=true
2025-09-16 19:04:00 | WARN | repo=open-gpu-kernel-modules | action=pull
2025-09-06 14:46:00 | DEBUG | repo=open-gpu-kernel-modules | action=edit | files=2
2025-07-22 21:14:00 | WARN | repo=open-gpu-kernel-modules | action=commit
2025-01-28 10:20:00 | WARN | repo=open-gpu-kernel-modules | action=commit
2025-07-16 09:25:00 | DEBUG | repo=open-gpu-kernel-modules | action=commit
2025-03-25 18:52:00 | INFO | repo=open-gpu-kernel-modules | action=commit
2025-12-10 16:31:00 | DEBUG | repo=open-gpu-kernel-modules | action=pull
2025-10-18 21:51:00 | INFO | repo=open-gpu-kernel-modules | action=commit
2025-03-23 12:04:00 | DEBUG | repo=open-gpu-kernel-modules | action=commit
2025-03-16 20:58:00 | WARN | repo=open-gpu-kernel-modules | action=commit
2025-01-22 18:58:00 | DEBUG | repo=open-gpu-kernel-modules | action=commit
2025-07-06 15:38:00 | INFO | repo=open-gpu-kernel-modules | action=commit
2025-02-08 21:51:00 | WARN | repo=open-gpu-kernel-modules | action=test | passed=true
2025-04-27 18:44:00 | WARN | repo=open-gpu-kernel-modules | action=commit
2025-06-03 09:19:00 | INFO | repo=open-gpu-kernel-modules | action=pull
2025-08-21 08:49:00 | DEBUG | repo=open-gpu-kernel-modules | action=test | passed=true
2025-01-17 08:56:00 | INFO | repo=open-gpu-kernel-modules | action=commit
2025-10-04 08:27:00 | INFO | repo=open-gpu-kernel-modules | action=commit
2025-09-09 18:23:00 | DEBUG | repo=open-gpu-kernel-modules | action=test | passed=true
2025-07-21 14:20:00 | INFO | repo=open-gpu-kernel-modules | action=commit
2025-12-16 18:10:00 | DEBUG | repo=open-gpu-kernel-modules | action=commit
2025-09-08 18:47:00 | DEBUG | repo=open-gpu-kernel-modules | action=commit
2025-05-14 21:19:00 | INFO | repo=open-gpu-kernel-modules | action=commit
2025-11-12 07:35:00 | INFO | repo=open-gpu-kernel-modules | action=commit
2025-02-20 15:58:00 | WARN | repo=open-gpu-kernel-modules | action=commit
2025-02-02 17:34:00 | INFO | repo=open-gpu-kernel-modules | action=test | passed=true
2025-01-20 07:42:00 | WARN | repo=open-gpu-kernel-modules | action=commit
2025-11-04 16:09:00 | DEBUG | repo=open-gpu-kernel-modules | action=commit
2025-05-07 14:37:00 | DEBUG | repo=open-gpu-kernel-modules | action=commit
2025-11-04 18:48:00 | WARN | repo=open-gpu-kernel-modules | action=commit
2025-02-28 19:17:00 | DEBUG | repo=open-gpu-kernel-modules | action=test | passed=true
2025-09-06 15:45:00 | INFO | repo=open-gpu-kernel-modules | action=commit
2025-07-06 21:31:00 | INFO | repo=open-gpu-kernel-modules | action=commit
2025-06-01 19:05:00 | DEBUG | repo=open-gpu-kernel-modules | action=commit
2025-04-21 07:57:00 | INFO | repo=open-gpu-kernel-modules | action=commit
2025-03-04 13:49:00 | DEBUG | repo=open-gpu-kernel-modules | action=commit
2025-06-01 07:00:00 | WARN | repo=open-gpu-kernel-modules | action=edit | files=2
2025-02-25 10:57:00 | INFO | repo=open-gpu-kernel-modules | action=commit
2025-08-12 19:14:00 | INFO | repo=open-gpu-kernel-modules | action=commit
2025-03-08 21:11:00 | INFO | repo=open-gpu-kernel-modules | action=commit
2025-12-11 16:53:00 | INFO | repo=open-gpu-kernel-modules | action=edit | files=5
2025-04-11 10:16:00 | INFO | repo=open-gpu-kernel-modules | action=commit
2025-12-04 08:53:00 | WARN | repo=open-gpu-kernel-modules | action=pull
2025-02-16 13:08:00 | DEBUG | repo=open-gpu-kernel-modules | action=test | passed=true
2025-05-10 13:37:00 | WARN | repo=open-gpu-kernel-modules | action=commit
2025-06-24 14:35:00 | DEBUG | repo=open-gpu-kernel-modules | action=test | passed=true
2025-04-21 14:36:00 | DEBUG | repo=open-gpu-kernel-modules | action=edit | files=1
2025-01-10 17:49:00 | INFO | repo=open-gpu-kernel-modules | action=commit
2025-06-12 08:46:00 | WARN | repo=open-gpu-kernel-modules | action=commit
2025-09-01 21:45:00 | DEBUG | repo=open-gpu-kernel-modules | action=commit
2025-03-22 21:07:00 | INFO | repo=open-gpu-kernel-modules | action=commit
2025-05-21 10:51:00 | DEBUG | repo=open-gpu-kernel-modules | action=commit
2025-06-27 20:02:00 | WARN | repo=open-gpu-kernel-modules | action=commit
2025-09-18 15:04:00 | INFO | repo=open-gpu-kernel-modules | action=commit
2025-04-26 18:56:00 | WARN | repo=open-gpu-kernel-modules | action=test | passed=true
2025-08-01 18:30:00 | DEBUG | repo=open-gpu-kernel-modules | action=commit
2025-07-17 07:43:00 | DEBUG | repo=open-gpu-kernel-modules | action=commit
2025-04-19 18:59:00 | INFO | repo=open-gpu-kernel-modules | action=pull
2025-02-10 08:35:00 | INFO | repo=open-gpu-kernel-modules | action=commit
2025-02-28 20:41:00 | DEBUG | repo=open-gpu-kernel-modules | action=commit
2025-09-21 07:16:00 | WARN | repo=open-gpu-kernel-modules | action=commit
2025-12-27 08:29:00 | WARN | repo=open-gpu-kernel-modules | action=commit
2025-02-16 07:43:00 | INFO | repo=open-gpu-kernel-modules | action=pull
2025-10-16 10:57:00 | INFO | repo=open-gpu-kernel-modules | action=commit
2025-05-19 08:09:00 | INFO | repo=open-gpu-kernel-modules | action=commit
2025-12-22 12:50:00 | INFO | repo=open-gpu-kernel-modules | action=commit
2025-04-01 10:02:00 | WARN | repo=open-gpu-kernel-modules | action=test | passed=true
2025-07-20 08:09:00 | DEBUG | repo=open-gpu-kernel-modules | action=commit
2025-04-02 13:41:00 | INFO | repo=open-gpu-kernel-modules | action=commit
2025-04-12 19:07:00 | WARN | repo=open-gpu-kernel-modules | action=commit
2025-03-12 09:32:00 | DEBUG | repo=open-gpu-kernel-modules | action=commit
2025-01-27 18:50:00 | WARN | repo=open-gpu-kernel-modules | action=commit
2025-08-09 08:58:00 | INFO | repo=open-gpu-kernel-modules | action=commit
2025-05-26 15:35:00 | INFO | repo=open-gpu-kernel-modules | action=commit
2025-11-23 19:49:00 | DEBUG | repo=open-gpu-kernel-modules | action=commit
2025-09-24 08:09:00 | DEBUG | repo=open-gpu-kernel-modules | action=commit
2025-10-02 12:36:00 | WARN | repo=open-gpu-kernel-modules | action=commit
2025-08-25 12:53:00 | DEBUG | repo=open-gpu-kernel-modules | action=commit
2025-09-19 08:05:00 | WARN | repo=open-gpu-kernel-modules | action=commit
2025-07-05 08:01:00 | WARN | repo=open-gpu-kernel-modules | action=commit
2025-09-05 20:49:00 | WARN | repo=open-gpu-kernel-modules | action=commit
2025-06-09 07:38:00 | WARN | repo=open-gpu-kernel-modules | action=pull
2025-05-25 20:38:00 | INFO | repo=open-gpu-kernel-modules | action=test | passed=true
2025-04-03 12:54:00 | INFO | repo=open-gpu-kernel-modules | action=commit
2025-12-13 10:06:00 | WARN | repo=open-gpu-kernel-modules | action=commit
2025-12-28 08:43:00 | INFO | repo=open-gpu-kernel-modules | action=test | passed=true
2025-09-03 20:39:00 | DEBUG | repo=open-gpu-kernel-modules | action=commit
2025-01-05 10:00:00 | DEBUG | repo=open-gpu-kernel-modules | action=commit
2025-01-10 09:48:00 | INFO | repo=open-gpu-kernel-modules | action=commit
2025-02-02 08:54:00 | WARN | repo=open-gpu-kernel-modules | action=commit
2025-01-09 18:44:00 | INFO | repo=open-gpu-kernel-modules | action=commit
2025-10-04 08:52:00 | INFO | repo=open-gpu-kernel-modules | action=commit
2025-02-10 07:42:00 | INFO | repo=open-gpu-kernel-modules | action=edit | files=2
2025-10-10 12:22:00 | INFO | repo=open-gpu-kernel-modules | action=edit | files=2
2025-03-10 21:31:00 | INFO | repo=open-gpu-kernel-modules | action=commit
2025-03-04 19:16:00 | WARN | repo=open-gpu-kernel-modules | action=commit
2025-08-26 20:55:00 | INFO | repo=open-gpu-kernel-modules | action=commit
2025-01-20 17:22:00 | DEBUG | repo=open-gpu-kernel-modules | action=commit
2025-02-28 19:35:00 | WARN | repo=open-gpu-kernel-modules | action=edit | files=2
2025-10-16 08:37:00 | DEBUG | repo=open-gpu-kernel-modules | action=edit | files=1
2025-08-25 17:29:00 | INFO | repo=open-gpu-kernel-modules | action=pull
2025-06-15 20:41:00 | INFO | repo=open-gpu-kernel-modules | action=commit
2025-05-23 16:49:00 | WARN | repo=open-gpu-kernel-modules | action=commit
2025-07-12 18:35:00 | INFO | repo=open-gpu-kernel-modules | action=pull
2025-05-09 18:31:00 | DEBUG | repo=open-gpu-kernel-modules | action=test | passed=true
2025-07-18 08:14:00 | WARN | repo=open-gpu-kernel-modules | action=commit
2025-11-01 19:31:00 | INFO | repo=open-gpu-kernel-modules | action=commit
2025-08-08 21:31:00 | WARN | repo=open-gpu-kernel-modules | action=commit
2025-03-16 20:21:00 | INFO | repo=open-gpu-kernel-modules | action=test | passed=true
2025-10-12 09:37:00 | WARN | repo=open-gpu-kernel-modules | action=commit
2025-06-16 20:00:00 | DEBUG | repo=open-gpu-kernel-modules | action=commit
2025-06-10 16:56:00 | INFO | repo=open-gpu-kernel-modules | action=commit
2025-02-15 19:05:00 | INFO | repo=open-gpu-kernel-modules | action=test | passed=true
2025-10-02 13:57:00 | INFO | repo=open-gpu-kernel-modules | action=commit
2025-08-15 14:20:00 | WARN | repo=open-gpu-kernel-modules | action=commit
2025-03-02 10:44:00 | INFO | repo=open-gpu-kernel-modules | action=test | passed=true
2025-02-14 19:30:00 | DEBUG | repo=open-gpu-kernel-modules | action=commit
2025-07-01 16:09:00 | INFO | repo=open-gpu-kernel-modules | action=commit
2025-07-10 17:28:00 | INFO | repo=open-gpu-kernel-modules | action=test | passed=true
2025-09-23 12:18:00 | DEBUG | repo=open-gpu-kernel-modules | action=commit
2025-11-02 20:12:00 | WARN | repo=open-gpu-kernel-modules | action=commit
2025-10-22 15:27:00 | WARN | repo=open-gpu-kernel-modules | action=pull
2025-11-08 20:47:00 | DEBUG | repo=open-gpu-kernel-modules | action=pull
2025-11-28 10:05:00 | INFO | repo=open-gpu-kernel-modules | action=pull
2025-03-20 07:30:00 | INFO | repo=open-gpu-kernel-modules | action=commit
2025-12-07 19:59:00 | DEBUG | repo=open-gpu-kernel-modules | action=commit
2025-06-09 21:38:00 | WARN | repo=open-gpu-kernel-modules | action=commit
2025-07-08 18:58:00 | WARN | repo=open-gpu-kernel-modules | action=pull
2025-08-24 14:29:00 | DEBUG | repo=open-gpu-kernel-modules | action=commit
2025-04-04 17:02:00 | INFO | repo=open-gpu-kernel-modules | action=commit
2025-02-25 11:04:00 | WARN | repo=open-gpu-kernel-modules | action=commit
2025-11-05 17:59:00 | DEBUG | repo=open-gpu-kernel-modules | action=commit
2025-11-16 18:13:00 | INFO | repo=open-gpu-kernel-modules | action=commit
2025-09-01 10:15:00 | DEBUG | repo=open-gpu-kernel-modules | action=commit
2025-07-25 11:54:00 | INFO | repo=open-gpu-kernel-modules | action=commit
2025-07-15 11:21:00 | WARN | repo=open-gpu-kernel-modules | action=commit
2025-05-12 18:22:00 | WARN | repo=open-gpu-kernel-modules | action=commit
2025-03-07 18:15:00 | DEBUG | repo=open-gpu-kernel-modules | action=commit
2025-10-05 10:49:00 | WARN | repo=open-gpu-kernel-modules | action=commit
2025-07-16 07:55:00 | INFO | repo=open-gpu-kernel-modules | action=commit
2025-07-14 21:51:00 | DEBUG | repo=open-gpu-kernel-modules | action=commit
2025-12-18 10:29:00 | DEBUG | repo=open-gpu-kernel-modules | action=commit
2025-11-09 07:05:00 | INFO | repo=open-gpu-kernel-modules | action=commit
2025-12-05 15:45:00 | DEBUG | repo=open-gpu-kernel-modules | action=commit
2025-05-25 16:42:00 | WARN | repo=open-gpu-kernel-modules | action=commit
2025-03-28 13:17:00 | WARN | repo=open-gpu-kernel-modules | action=commit
2025-06-15 21:01:00 | WARN | repo=open-gpu-kernel-modules | action=test | passed=true
2025-11-25 07:59:00 | INFO | repo=open-gpu-kernel-modules | action=commit
